2026-04-20 09:50:31,637 INFO o.a.j.u.JMeterUtils: Setting Locale to en_EN
2026-04-20 09:50:31,650 INFO o.a.j.JMeter: Loading user properties from: /opt/homebrew/Cellar/jmeter/5.6.3/libexec/bin/user.properties
2026-04-20 09:50:31,650 INFO o.a.j.JMeter: Loading system properties from: /opt/homebrew/Cellar/jmeter/5.6.3/libexec/bin/system.properties
2026-04-20 09:50:31,654 INFO o.a.j.JMeter: Copyright (c) 1998-2024 The Apache Software Foundation
2026-04-20 09:50:31,654 INFO o.a.j.JMeter: Version 5.6.3
2026-04-20 09:50:31,654 INFO o.a.j.JMeter: java.version=21.0.9
2026-04-20 09:50:31,654 INFO o.a.j.JMeter: java.vm.name=OpenJDK 64-Bit Server VM
2026-04-20 09:50:31,654 INFO o.a.j.JMeter: os.name=Mac OS X
2026-04-20 09:50:31,654 INFO o.a.j.JMeter: os.arch=aarch64
2026-04-20 09:50:31,654 INFO o.a.j.JMeter: os.version=26.3.1
2026-04-20 09:50:31,654 INFO o.a.j.JMeter: file.encoding=UTF-8
2026-04-20 09:50:31,654 INFO o.a.j.JMeter: java.awt.headless=true
2026-04-20 09:50:31,654 INFO o.a.j.JMeter: Max memory     =1073741824
2026-04-20 09:50:31,654 INFO o.a.j.JMeter: Available Processors =8
2026-04-20 09:50:31,660 INFO o.a.j.JMeter: Default Locale=English (EN)
2026-04-20 09:50:31,660 INFO o.a.j.JMeter: JMeter  Locale=English (EN)
2026-04-20 09:50:31,660 INFO o.a.j.JMeter: JMeterHome=/opt/homebrew/Cellar/jmeter/5.6.3/libexec
2026-04-20 09:50:31,660 INFO o.a.j.JMeter: user.dir  =/Users/mac/Desktop/geellya_tracker_java_ts
2026-04-20 09:50:31,660 INFO o.a.j.JMeter: PWD       =/Users/mac/Desktop/geellya_tracker_java_ts
2026-04-20 09:50:31,663 INFO o.a.j.JMeter: IP: 127.0.0.1 Name: macs-Laptop.local FullName: localhost
2026-04-20 09:50:31,670 INFO o.a.j.JMeter: Setting property 'jmeter.reportgenerator.outputdir' to:'/Users/mac/Desktop/geellya_tracker_java_ts/results/report'
2026-04-20 09:50:31,671 INFO o.a.j.s.FileServer: Default base='/Users/mac/Desktop/geellya_tracker_java_ts'
2026-04-20 09:50:31,672 INFO o.a.j.s.FileServer: Set new base='/Users/mac/Desktop/geellya_tracker_java_ts'
2026-04-20 09:50:31,759 INFO o.a.j.s.SaveService: Testplan (JMX) version: 2.2. Testlog (JTL) version: 2.2
2026-04-20 09:50:31,783 INFO o.a.j.s.SaveService: Using SaveService properties version 5.0
2026-04-20 09:50:31,785 INFO o.a.j.s.SaveService: Using SaveService properties file encoding UTF-8
2026-04-20 09:50:31,786 INFO o.a.j.s.SaveService: Loading file: expense-tracker-load-test.jmx
2026-04-20 09:50:31,817 INFO o.a.j.p.h.s.HTTPSamplerBase: Parser for text/html is org.apache.jmeter.protocol.http.parser.LagartoBasedHtmlParser
2026-04-20 09:50:31,817 INFO o.a.j.p.h.s.HTTPSamplerBase: Parser for application/xhtml+xml is org.apache.jmeter.protocol.http.parser.LagartoBasedHtmlParser
2026-04-20 09:50:31,817 INFO o.a.j.p.h.s.HTTPSamplerBase: Parser for application/xml is org.apache.jmeter.protocol.http.parser.LagartoBasedHtmlParser
2026-04-20 09:50:31,817 INFO o.a.j.p.h.s.HTTPSamplerBase: Parser for text/xml is org.apache.jmeter.protocol.http.parser.LagartoBasedHtmlParser
2026-04-20 09:50:31,817 INFO o.a.j.p.h.s.HTTPSamplerBase: Parser for text/vnd.wap.wml is org.apache.jmeter.protocol.http.parser.RegexpHTMLParser
2026-04-20 09:50:31,817 INFO o.a.j.p.h.s.HTTPSamplerBase: Parser for text/css is org.apache.jmeter.protocol.http.parser.CssParser
2026-04-20 09:50:31,836 INFO o.a.j.JMeter: Creating summariser <summary>
2026-04-20 09:50:31,838 INFO o.a.j.r.d.ReportGenerator: ReportGenerator will use for Parsing the separator: ','
2026-04-20 09:50:31,838 INFO o.a.j.r.d.ReportGenerator: Will generate report at end of test from  results file: results/results.jtl
2026-04-20 09:50:31,839 INFO o.a.j.r.d.ReportGenerator: Reading report generator properties from: /opt/homebrew/Cellar/jmeter/5.6.3/libexec/bin/reportgenerator.properties
2026-04-20 09:50:31,839 INFO o.a.j.r.d.ReportGenerator: Merging with JMeter properties
2026-04-20 09:50:31,841 INFO o.a.j.r.c.ReportGeneratorConfiguration: Property 'jmeter.reportgenerator.temp_dir' not found, using default value 'temp' instead.
2026-04-20 09:50:31,841 INFO o.a.j.r.c.ReportGeneratorConfiguration: Property 'jmeter.reportgenerator.apdex_per_transaction' not found, using default value 'null' instead.
2026-04-20 09:50:31,841 INFO o.a.j.r.c.ReportGeneratorConfiguration: apdex_per_transaction is empty, not APDEX per transaction customization
2026-04-20 09:50:31,841 INFO o.a.j.r.c.ReportGeneratorConfiguration: Property 'jmeter.reportgenerator.sample_filter' not found, using default value 'null' instead.
2026-04-20 09:50:31,841 INFO o.a.j.r.c.ReportGeneratorConfiguration: Property 'jmeter.reportgenerator.report_title' not found, using default value 'null' instead.
2026-04-20 09:50:31,841 INFO o.a.j.r.c.ReportGeneratorConfiguration: Property 'jmeter.reportgenerator.start_date' not found, using default value 'null' instead.
2026-04-20 09:50:31,842 INFO o.a.j.r.c.ReportGeneratorConfiguration: Property 'jmeter.reportgenerator.end_date' not found, using default value 'null' instead.
2026-04-20 09:50:31,842 INFO o.a.j.r.c.ReportGeneratorConfiguration: Property 'jmeter.reportgenerator.date_format' not found, using default value 'null' instead.
2026-04-20 09:50:31,842 INFO o.a.j.r.c.ReportGeneratorConfiguration: Will use date range start date: null, end date: null
2026-04-20 09:50:31,843 INFO o.a.j.r.c.ReportGeneratorConfiguration: Property 'jmeter.reportgenerator.graph.totalTPS.exclude_controllers' not found, using default value 'false' instead.
2026-04-20 09:50:31,843 INFO o.a.j.r.c.ReportGeneratorConfiguration: Property 'jmeter.reportgenerator.graph.activeThreadsOverTime.exclude_controllers' not found, using default value 'false' instead.
2026-04-20 09:50:31,843 INFO o.a.j.r.c.ReportGeneratorConfiguration: Property 'jmeter.reportgenerator.graph.timeVsThreads.exclude_controllers' not found, using default value 'false' instead.
2026-04-20 09:50:31,844 INFO o.a.j.r.c.ReportGeneratorConfiguration: Property 'jmeter.reportgenerator.graph.responseTimeDistribution.exclude_controllers' not found, using default value 'false' instead.
2026-04-20 09:50:31,844 INFO o.a.j.r.c.ReportGeneratorConfiguration: Property 'jmeter.reportgenerator.graph.transactionsPerSecond.exclude_controllers' not found, using default value 'false' instead.
2026-04-20 09:50:31,844 INFO o.a.j.r.c.ReportGeneratorConfiguration: Property 'jmeter.reportgenerator.graph.responseTimePercentiles.exclude_controllers' not found, using default value 'false' instead.
2026-04-20 09:50:31,844 INFO o.a.j.r.c.ReportGeneratorConfiguration: Property 'jmeter.reportgenerator.graph.responseTimePercentilesOverTime.exclude_controllers' not found, using default value 'false' instead.
2026-04-20 09:50:31,844 INFO o.a.j.r.c.ReportGeneratorConfiguration: Property 'jmeter.reportgenerator.graph.responseTimesOverTime.exclude_controllers' not found, using default value 'false' instead.
2026-04-20 09:50:31,844 INFO o.a.j.r.c.ReportGeneratorConfiguration: Property 'jmeter.reportgenerator.graph.connectTimeOverTime.exclude_controllers' not found, using default value 'false' instead.
2026-04-20 09:50:31,844 INFO o.a.j.r.c.ReportGeneratorConfiguration: Property 'jmeter.reportgenerator.graph.latenciesOverTime.exclude_controllers' not found, using default value 'false' instead.
2026-04-20 09:50:31,844 INFO o.a.j.r.c.ReportGeneratorConfiguration: Property 'jmeter.reportgenerator.exporter.json.filters_only_sample_series' not found, using default value 'true' instead.
2026-04-20 09:50:31,844 INFO o.a.j.r.c.ReportGeneratorConfiguration: Property 'jmeter.reportgenerator.exporter.json.series_filter' not found, using default value '' instead.
2026-04-20 09:50:31,844 INFO o.a.j.r.c.ReportGeneratorConfiguration: Property 'jmeter.reportgenerator.exporter.json.show_controllers_only' not found, using default value 'false' instead.
2026-04-20 09:50:31,844 INFO o.a.j.r.c.ReportGeneratorConfiguration: Property 'jmeter.reportgenerator.exporter.html.filters_only_sample_series' not found, using default value 'true' instead.
2026-04-20 09:50:31,845 INFO o.a.j.r.c.ReportGeneratorConfiguration: Property 'jmeter.reportgenerator.exporter.html.series_filter' not found, using default value '' instead.
2026-04-20 09:50:31,845 INFO o.a.j.r.c.ReportGeneratorConfiguration: Property 'jmeter.reportgenerator.exporter.html.show_controllers_only' not found, using default value 'false' instead.
2026-04-20 09:50:31,852 INFO o.a.j.e.StandardJMeterEngine: Running the test!
2026-04-20 09:50:31,853 INFO o.a.j.s.SampleEvent: List of sample_variables: []
2026-04-20 09:50:31,853 INFO o.a.j.s.SampleEvent: List of sample_variables: []
2026-04-20 09:50:31,855 INFO o.a.j.e.u.CompoundVariable: Note: Function class names must contain the string: '.functions.'
2026-04-20 09:50:31,855 INFO o.a.j.e.u.CompoundVariable: Note: Function class names must not contain the string: '.gui.'
2026-04-20 09:50:31,882 INFO o.a.j.r.ClassFinder: Will scan jar /opt/homebrew/Cellar/jmeter/5.6.3/libexec/lib/ext/jmeter-plugins-manager-1.9.jar with filter ExtendsClassFilter [parents=[interface org.apache.jmeter.functions.Function], inner=false, contains=null, notContains=null]. Consider exposing JMeter plugins via META-INF/services, and add JMeter-Skip-Class-Scanning=true manifest attribute so JMeter can skip classfile scanning
2026-04-20 09:50:31,929 INFO o.a.j.JMeter: Running test (1776667831929)
2026-04-20 09:50:31,938 INFO o.a.j.e.StandardJMeterEngine: Starting ThreadGroup: 1 : Warmup
2026-04-20 09:50:31,938 INFO o.a.j.e.StandardJMeterEngine: Starting 1 threads for group Warmup.
2026-04-20 09:50:31,938 INFO o.a.j.e.StandardJMeterEngine: Thread will continue on error
2026-04-20 09:50:31,938 INFO o.a.j.t.ThreadGroup: Starting thread group... number=1 threads=1 ramp-up=0 delayedStart=false
2026-04-20 09:50:31,940 INFO o.a.j.t.ThreadGroup: Started thread group number 1
2026-04-20 09:50:31,940 INFO o.a.j.e.StandardJMeterEngine: Starting ThreadGroup: 2 : User Simulation
2026-04-20 09:50:31,940 INFO o.a.j.e.StandardJMeterEngine: Starting 20 threads for group User Simulation.
2026-04-20 09:50:31,940 INFO o.a.j.e.StandardJMeterEngine: Thread will continue on error
2026-04-20 09:50:31,940 INFO o.a.j.t.ThreadGroup: Starting thread group... number=2 threads=20 ramp-up=10 delayedStart=false
2026-04-20 09:50:31,943 INFO o.a.j.t.JMeterThread: Thread started: User Simulation 2-1
2026-04-20 09:50:31,940 ERROR o.a.j.t.JMeterThread: Test failed!
java.util.NoSuchElementException: Property ThreadGroup.main_controller is unset for element org.apache.jmeter.threads.ThreadGroup@1e48d86b
	at org.apache.jmeter.testelement.TestElement.get(TestElement.kt:452) ~[ApacheJMeter_core.jar:5.6.3]
	at org.apache.jmeter.threads.AbstractThreadGroup.getSamplerController(AbstractThreadGroup.java:118) ~[ApacheJMeter_core.jar:5.6.3]
	at org.apache.jmeter.threads.AbstractThreadGroup.addTestElement(AbstractThreadGroup.java:140) ~[ApacheJMeter_core.jar:5.6.3]
	at org.apache.jmeter.threads.AbstractThreadGroup.addTestElementOnce(AbstractThreadGroup.java:150) ~[ApacheJMeter_core.jar:5.6.3]
	at org.apache.jmeter.threads.TestCompiler.subtractNode(TestCompiler.java:153) ~[ApacheJMeter_core.jar:5.6.3]
	at org.apache.jorphan.collections.HashTree.traverseInto(HashTree.java:1033) ~[jorphan.jar:5.6.3]
	at org.apache.jorphan.collections.HashTree.traverseInto(HashTree.java:1030) ~[jorphan.jar:5.6.3]
	at org.apache.jorphan.collections.HashTree.traverse(HashTree.java:1012) ~[jorphan.jar:5.6.3]
	at org.apache.jmeter.threads.JMeterThread.initRun(JMeterThread.java:737) ~[ApacheJMeter_core.jar:5.6.3]
	at org.apache.jmeter.threads.JMeterThread.run(JMeterThread.java:264) ~[ApacheJMeter_core.jar:5.6.3]
	at java.base/java.lang.Thread.run(Thread.java:1583) [?:?]
2026-04-20 09:50:31,947 INFO o.a.j.t.JMeterThread: Thread finished: Warmup 1-1
2026-04-20 09:50:31,950 INFO o.a.j.t.ThreadGroup: Started thread group number 2
2026-04-20 09:50:31,950 INFO o.a.j.e.StandardJMeterEngine: All thread groups have been started
2026-04-20 09:50:32,448 INFO o.a.j.t.JMeterThread: Thread started: User Simulation 2-2
2026-04-20 09:50:32,474 INFO o.a.j.p.h.s.HTTPHCAbstractImpl: Local host = macs-Laptop.local
2026-04-20 09:50:32,479 INFO o.a.j.p.h.s.HTTPHC4Impl: HTTP request retry count = 0
2026-04-20 09:50:32,480 INFO o.a.j.s.SampleResult: Note: Sample TimeStamps are START times
2026-04-20 09:50:32,480 INFO o.a.j.s.SampleResult: sampleresult.default.encoding is set to UTF-8
2026-04-20 09:50:32,480 INFO o.a.j.s.SampleResult: sampleresult.useNanoTime=true
2026-04-20 09:50:32,480 INFO o.a.j.s.SampleResult: sampleresult.nanoThreadSleep=5000
2026-04-20 09:50:32,545 INFO o.a.j.r.Summariser: summary +      1 in 00:00:01 =    1.6/s Avg:    27 Min:    27 Max:    27 Err:     1 (100.00%) Active: 1 Started: 2 Finished: 1
2026-04-20 09:50:32,946 INFO o.a.j.t.JMeterThread: Thread started: User Simulation 2-3
2026-04-20 09:50:33,446 INFO o.a.j.t.JMeterThread: Thread started: User Simulation 2-4
2026-04-20 09:50:33,947 INFO o.a.j.t.JMeterThread: Thread started: User Simulation 2-5
2026-04-20 09:50:34,447 INFO o.a.j.t.JMeterThread: Thread started: User Simulation 2-6
2026-04-20 09:50:34,946 INFO o.a.j.t.JMeterThread: Thread started: User Simulation 2-7
2026-04-20 09:50:35,445 INFO o.a.j.t.JMeterThread: Thread started: User Simulation 2-8
2026-04-20 09:50:35,947 INFO o.a.j.t.JMeterThread: Thread started: User Simulation 2-9
2026-04-20 09:50:36,446 INFO o.a.j.t.JMeterThread: Thread started: User Simulation 2-10
2026-04-20 09:50:36,946 INFO o.a.j.t.JMeterThread: Thread started: User Simulation 2-11
2026-04-20 09:50:37,158 INFO o.a.j.t.JMeterThread: Thread is done: User Simulation 2-1
2026-04-20 09:50:37,159 INFO o.a.j.t.JMeterThread: Thread finished: User Simulation 2-1
2026-04-20 09:50:37,446 INFO o.a.j.t.JMeterThread: Thread started: User Simulation 2-12
2026-04-20 09:50:37,521 INFO o.a.j.t.JMeterThread: Thread is done: User Simulation 2-2
2026-04-20 09:50:37,521 INFO o.a.j.t.JMeterThread: Thread finished: User Simulation 2-2
2026-04-20 09:50:37,946 INFO o.a.j.t.JMeterThread: Thread started: User Simulation 2-13
2026-04-20 09:50:38,027 INFO o.a.j.t.JMeterThread: Thread is done: User Simulation 2-3
2026-04-20 09:50:38,027 INFO o.a.j.t.JMeterThread: Thread finished: User Simulation 2-3
2026-04-20 09:50:38,446 INFO o.a.j.t.JMeterThread: Thread started: User Simulation 2-14
2026-04-20 09:50:38,520 INFO o.a.j.t.JMeterThread: Thread is done: User Simulation 2-4
2026-04-20 09:50:38,520 INFO o.a.j.t.JMeterThread: Thread finished: User Simulation 2-4
2026-04-20 09:50:38,946 INFO o.a.j.t.JMeterThread: Thread started: User Simulation 2-15
2026-04-20 09:50:39,019 INFO o.a.j.t.JMeterThread: Thread is done: User Simulation 2-5
2026-04-20 09:50:39,019 INFO o.a.j.t.JMeterThread: Thread finished: User Simulation 2-5
2026-04-20 09:50:39,447 INFO o.a.j.t.JMeterThread: Thread started: User Simulation 2-16
2026-04-20 09:50:39,525 INFO o.a.j.t.JMeterThread: Thread is done: User Simulation 2-6
2026-04-20 09:50:39,525 INFO o.a.j.t.JMeterThread: Thread finished: User Simulation 2-6
2026-04-20 09:50:39,946 INFO o.a.j.t.JMeterThread: Thread started: User Simulation 2-17
2026-04-20 09:50:40,019 INFO o.a.j.t.JMeterThread: Thread is done: User Simulation 2-7
2026-04-20 09:50:40,019 INFO o.a.j.t.JMeterThread: Thread finished: User Simulation 2-7
2026-04-20 09:50:40,447 INFO o.a.j.t.JMeterThread: Thread started: User Simulation 2-18
2026-04-20 09:50:40,524 INFO o.a.j.t.JMeterThread: Thread is done: User Simulation 2-8
2026-04-20 09:50:40,525 INFO o.a.j.t.JMeterThread: Thread finished: User Simulation 2-8
2026-04-20 09:50:40,945 INFO o.a.j.t.JMeterThread: Thread started: User Simulation 2-19
2026-04-20 09:50:41,028 INFO o.a.j.t.JMeterThread: Thread is done: User Simulation 2-9
2026-04-20 09:50:41,029 INFO o.a.j.t.JMeterThread: Thread finished: User Simulation 2-9
2026-04-20 09:50:41,445 INFO o.a.j.t.JMeterThread: Thread started: User Simulation 2-20
2026-04-20 09:50:41,519 INFO o.a.j.t.JMeterThread: Thread is done: User Simulation 2-10
2026-04-20 09:50:41,519 INFO o.a.j.t.JMeterThread: Thread finished: User Simulation 2-10
2026-04-20 09:50:42,022 INFO o.a.j.t.JMeterThread: Thread is done: User Simulation 2-11
2026-04-20 09:50:42,022 INFO o.a.j.t.JMeterThread: Thread finished: User Simulation 2-11
2026-04-20 09:50:42,519 INFO o.a.j.t.JMeterThread: Thread is done: User Simulation 2-12
2026-04-20 09:50:42,519 INFO o.a.j.t.JMeterThread: Thread finished: User Simulation 2-12
2026-04-20 09:50:43,026 INFO o.a.j.t.JMeterThread: Thread is done: User Simulation 2-13
2026-04-20 09:50:43,027 INFO o.a.j.t.JMeterThread: Thread finished: User Simulation 2-13
2026-04-20 09:50:43,537 INFO o.a.j.t.JMeterThread: Thread is done: User Simulation 2-14
2026-04-20 09:50:43,537 INFO o.a.j.t.JMeterThread: Thread finished: User Simulation 2-14
2026-04-20 09:50:44,025 INFO o.a.j.t.JMeterThread: Thread is done: User Simulation 2-15
2026-04-20 09:50:44,025 INFO o.a.j.t.JMeterThread: Thread finished: User Simulation 2-15
2026-04-20 09:50:44,514 INFO o.a.j.t.JMeterThread: Thread is done: User Simulation 2-16
2026-04-20 09:50:44,514 INFO o.a.j.t.JMeterThread: Thread finished: User Simulation 2-16
2026-04-20 09:50:45,021 INFO o.a.j.t.JMeterThread: Thread is done: User Simulation 2-17
2026-04-20 09:50:45,021 INFO o.a.j.t.JMeterThread: Thread finished: User Simulation 2-17
2026-04-20 09:50:45,539 INFO o.a.j.t.JMeterThread: Thread is done: User Simulation 2-18
2026-04-20 09:50:45,540 INFO o.a.j.t.JMeterThread: Thread finished: User Simulation 2-18
2026-04-20 09:50:46,024 INFO o.a.j.t.JMeterThread: Thread is done: User Simulation 2-19
2026-04-20 09:50:46,024 INFO o.a.j.t.JMeterThread: Thread finished: User Simulation 2-19
2026-04-20 09:50:46,536 INFO o.a.j.t.JMeterThread: Thread is done: User Simulation 2-20
2026-04-20 09:50:46,536 INFO o.a.j.t.JMeterThread: Thread finished: User Simulation 2-20
2026-04-20 09:50:46,537 INFO o.a.j.e.StandardJMeterEngine: Notifying test listeners of end of test
2026-04-20 09:50:46,540 INFO o.a.j.r.Summariser: summary +    199 in 00:00:14 =   14.2/s Avg:     3 Min:     0 Max:    26 Err:   159 (79.90%) Active: -1 Started: 20 Finished: 21
2026-04-20 09:50:46,540 INFO o.a.j.r.Summariser: summary =    200 in 00:00:15 =   13.7/s Avg:     3 Min:     0 Max:    27 Err:   160 (80.00%)
2026-04-20 09:50:46,541 INFO o.a.j.JMeter: Generating Dashboard
2026-04-20 09:50:46,541 INFO o.a.j.r.d.ReportGenerator: Flushing result collector before report Generation
2026-04-20 09:50:46,555 INFO o.a.j.r.p.NormalizerSampleConsumer: Using format, 'ms', to parse timeStamp field
2026-04-20 09:50:46,603 INFO o.a.j.r.p.AbstractSampleConsumer: class org.apache.jmeter.report.processor.AggregateConsumer#stopProducing(): beginDate produced 0 samples
2026-04-20 09:50:46,603 INFO o.a.j.r.p.AbstractSampleConsumer: class org.apache.jmeter.report.processor.AggregateConsumer#stopProducing(): endDate produced 0 samples
2026-04-20 09:50:46,604 INFO o.a.j.r.p.AbstractSampleConsumer: class org.apache.jmeter.report.processor.ApdexSummaryConsumer#stopProducing(): apdexSummary produced 0 samples
2026-04-20 09:50:46,604 INFO o.a.j.r.p.AbstractSampleConsumer: class org.apache.jmeter.report.processor.RequestsSummaryConsumer#stopProducing(): requestsSummary produced 0 samples
2026-04-20 09:50:46,606 INFO o.a.j.r.p.AbstractSampleConsumer: class org.apache.jmeter.report.processor.StatisticsSummaryConsumer#stopProducing(): statisticsSummary produced 0 samples
2026-04-20 09:50:46,607 INFO o.a.j.r.p.AbstractSampleConsumer: class org.apache.jmeter.report.processor.Top5ErrorsBySamplerConsumer#stopProducing(): top5ErrorsBySampler produced 0 samples
2026-04-20 09:50:46,607 INFO o.a.j.r.p.AbstractSampleConsumer: class org.apache.jmeter.report.processor.ErrorsSummaryConsumer#stopProducing(): errorsSummary produced 0 samples
2026-04-20 09:50:46,607 INFO o.a.j.r.p.AbstractSampleConsumer: class org.apache.jmeter.report.processor.graph.impl.HitsPerSecondGraphConsumer#stopProducing(): hitsPerSecond produced 0 samples
2026-04-20 09:50:46,614 INFO o.a.j.r.p.AbstractSampleConsumer: class org.apache.jmeter.report.processor.graph.impl.LatencyVSRequestGraphConsumer#stopProducing(): latencyVsRequest produced 0 samples
2026-04-20 09:50:46,615 INFO o.a.j.r.p.AbstractSampleConsumer: class org.apache.jmeter.report.processor.graph.impl.SyntheticResponseTimeDistributionGraphConsumer#stopProducing(): syntheticResponseTimeDistribution produced 0 samples
2026-04-20 09:50:46,615 INFO o.a.j.r.p.AbstractSampleConsumer: class org.apache.jmeter.report.processor.graph.impl.BytesThroughputGraphConsumer#stopProducing(): bytesThroughputOverTime produced 0 samples
2026-04-20 09:50:46,615 INFO o.a.j.r.p.AbstractSampleConsumer: class org.apache.jmeter.report.processor.graph.impl.CodesPerSecondGraphConsumer#stopProducing(): codesPerSecond produced 0 samples
2026-04-20 09:50:46,617 INFO o.a.j.r.p.AbstractSampleConsumer: class org.apache.jmeter.report.processor.graph.impl.ResponseTimeVSRequestGraphConsumer#stopProducing(): responseTimeVsRequest produced 0 samples
2026-04-20 09:50:46,617 INFO o.a.j.r.p.AbstractSampleConsumer: class org.apache.jmeter.report.processor.FilterConsumer#stopProducing(): startIntervalControlerFilter produced 1400 samples
2026-04-20 09:50:46,617 INFO o.a.j.r.p.AbstractSampleConsumer: class org.apache.jmeter.report.processor.graph.impl.TotalTPSGraphConsumer#stopProducing(): totalTPS produced 0 samples
2026-04-20 09:50:46,617 INFO o.a.j.r.p.AbstractSampleConsumer: class org.apache.jmeter.report.processor.graph.impl.ActiveThreadsGraphConsumer#stopProducing(): activeThreadsOverTime produced 0 samples
2026-04-20 09:50:46,617 INFO o.a.j.r.p.AbstractSampleConsumer: class org.apache.jmeter.report.processor.graph.impl.TimeVSThreadGraphConsumer#stopProducing(): timeVsThreads produced 0 samples
2026-04-20 09:50:46,617 INFO o.a.j.r.p.AbstractSampleConsumer: class org.apache.jmeter.report.processor.graph.impl.ResponseTimeDistributionGraphConsumer#stopProducing(): responseTimeDistribution produced 0 samples
2026-04-20 09:50:46,617 INFO o.a.j.r.p.AbstractSampleConsumer: class org.apache.jmeter.report.processor.graph.impl.TransactionsPerSecondGraphConsumer#stopProducing(): transactionsPerSecond produced 0 samples
2026-04-20 09:50:46,617 INFO o.a.j.r.p.AbstractSampleConsumer: class org.apache.jmeter.report.processor.graph.impl.ResponseTimePercentilesGraphConsumer#stopProducing(): responseTimePercentiles produced 0 samples
2026-04-20 09:50:46,619 INFO o.a.j.r.p.AbstractSampleConsumer: class org.apache.jmeter.report.processor.graph.impl.ResponseTimePercentilesOverTimeGraphConsumer#stopProducing(): responseTimePercentilesOverTime produced 0 samples
2026-04-20 09:50:46,619 INFO o.a.j.r.p.AbstractSampleConsumer: class org.apache.jmeter.report.processor.graph.impl.ResponseTimeOverTimeGraphConsumer#stopProducing(): responseTimesOverTime produced 0 samples
2026-04-20 09:50:46,619 INFO o.a.j.r.p.AbstractSampleConsumer: class org.apache.jmeter.report.processor.graph.impl.ConnectTimeOverTimeGraphConsumer#stopProducing(): connectTimeOverTime produced 0 samples
2026-04-20 09:50:46,619 INFO o.a.j.r.p.AbstractSampleConsumer: class org.apache.jmeter.report.processor.graph.impl.LatencyOverTimeGraphConsumer#stopProducing(): latenciesOverTime produced 0 samples
2026-04-20 09:50:46,619 INFO o.a.j.r.p.AbstractSampleConsumer: class org.apache.jmeter.report.processor.FilterConsumer#stopProducing(): nameFilter produced 3000 samples
2026-04-20 09:50:46,619 INFO o.a.j.r.p.AbstractSampleConsumer: class org.apache.jmeter.report.processor.FilterConsumer#stopProducing(): dateRangeFilter produced 600 samples
2026-04-20 09:50:46,619 INFO o.a.j.r.p.AbstractSampleConsumer: class org.apache.jmeter.report.processor.NormalizerSampleConsumer#stopProducing(): normalizer produced 200 samples
2026-04-20 09:50:46,619 INFO o.a.j.r.p.CsvFileSampleSource: produce(): 200 samples produced in 48ms on channel 0
2026-04-20 09:50:46,620 INFO o.a.j.r.d.ReportGenerator: Exporting data using exporter:'json' of className:'org.apache.jmeter.report.dashboard.JsonExporter'
2026-04-20 09:50:46,655 INFO o.a.j.r.d.JsonExporter: Found data for consumer statisticsSummary in context
2026-04-20 09:50:46,655 INFO o.a.j.r.d.JsonExporter: Creating statistics for overall
2026-04-20 09:50:46,655 INFO o.a.j.r.d.JsonExporter: Creating statistics for other transactions
2026-04-20 09:50:46,656 INFO o.a.j.r.d.JsonExporter: Checking output folder
2026-04-20 09:50:46,656 INFO o.a.j.r.d.JsonExporter: Writing statistics JSON to /Users/mac/Desktop/geellya_tracker_java_ts/results/report/statistics.json
2026-04-20 09:50:46,774 INFO o.a.j.r.d.ReportGenerator: Exporting data using exporter:'html' of className:'org.apache.jmeter.report.dashboard.HtmlTemplateExporter'
2026-04-20 09:50:46,776 INFO o.a.j.r.d.HtmlTemplateExporter: Will generate dashboard in folder: /Users/mac/Desktop/geellya_tracker_java_ts/results/report
2026-04-20 09:50:46,854 INFO o.a.j.r.d.HtmlTemplateExporter: Report will be generated in: /Users/mac/Desktop/geellya_tracker_java_ts/results/report, creating folder structure
2026-04-20 09:50:46,856 INFO o.a.j.r.d.TemplateVisitor: Copying folder from '/opt/homebrew/Cellar/jmeter/5.6.3/libexec/bin/report-template' to '/Users/mac/Desktop/geellya_tracker_java_ts/results/report', got message: /Users/mac/Desktop/geellya_tracker_java_ts/results/report, found non empty folder with following content [/Users/mac/Desktop/geellya_tracker_java_ts/results/report/statistics.json], will be ignored
2026-04-20 09:50:46,992 INFO o.a.j.JMeter: Dashboard generated
